// Jest Snapshot v1, https://goo.gl/fbAQLP

exports[`Test Button Todo Render Render deep button todo correctly 1`] = `
<View>
  <View
    accessible={true}
    isTVSelectable={true}
    onResponderGrant={[Function]}
    onResponderMove={[Function]}
    onResponderRelease={[Function]}
    onResponderTerminate={[Function]}
    onResponderTerminationRequest={[Function]}
    onStartShouldSetResponder={[Function]}
    style={
      Object {
        "borderRadius": 0,
        "opacity": 1,
      }
    }
  >
    <View
      style={
        Array [
          undefined,
          undefined,
          Object {
            "backgroundColor": "blue",
            "padding": 10,
          },
        ]
      }
    >
      <Text
        style={
          Object {
            "fontWeight": "600",
            "textAlign": "center",
          }
        }
      >
        Simpan
      </Text>
    </View>
  </View>
</View>
`;

exports[`Test Button Todo Render Render shallow button todo correctly 1`] = `
<Component>
  <UniButton
    action={[MockFunction]}
    activeOpacity={0.5}
    borderRadius={0}
    borderless={false}
    disabled={false}
    foregroundRipple={false}
    highlightColor="rgba(255,255,255,0.15)"
    noDebounce={false}
    useTouchableHightlight={false}
  >
    <Component
      style={
        Array [
          undefined,
          undefined,
          Object {
            "backgroundColor": "blue",
            "padding": 10,
          },
        ]
      }
    >
      <Component
        style={
          Object {
            "fontWeight": "600",
            "textAlign": "center",
          }
        }
      >
        Simpan
      </Component>
    </Component>
  </UniButton>
</Component>
`;
